3 2
lambdaapp.Main::main lambdaapp.A::call 1
<unknown> lambdaapp.Main::main 1