3 3
recursiveapp.Main::factorial recursiveapp.Main::factorial 2
<unknown> recursiveapp.Main::main 1
recursiveapp.Main::main recursiveapp.Main::factorial 1