3 2
lambdaapp.Main::main lambdaapp.A::call 12
<unknown> lambdaapp.Main::main 1